81.73.150.239 - - [31/May/2016:20:55:29 +0100] "GET /section4 HTTP/1.0" 200 2920 "http://www.shoppingsite.com" "Mozilla/5.0 (Windows; U; MSIE 9.0; WIndows NT 9.0; en-US))"
10.182.189.79 - - [31/May/2016:21:15:38 +0100] "GET /section1 HTTP/1.0" 200 3386 "http://www.shoppingsite.com" "Mozilla/5.0 (Windows; U; Windows NT 6.1; rv:2.2) Gecko/20110201"
244.157.45.12 - - [31/May/2016:21:51:35 +0100] "GET /section2 HTTP/1.0" 200 3717 "http://productreviews.com" "Mozilla/5.0 (Linux; U; Android 2.3.5; en-us; HTC Vision Build/GRI40) AppleWebKit/533.1 (KHTML, like Gecko) Version/4.0 Mobile Safari/533.1"
244.157.45.12 - - [31/May/2016:22:04:02 +0100] "GET /section4 HTTP/1.0" 200 3152 "http://productreviews.com" "Mozilla/5.0 (Windows NT 5.1; rv:31.0) Gecko/20100101 Firefox/31.0"
16.180.70.237 - - [31/May/2016:22:17:19 +0100] "GET /section8 HTTP/1.0" 200 3756 "-" "Mozilla/5.0 (Windows NT 5.1; rv:31.0) Gecko/20100101 Firefox/31.0"
114.214.178.92 - - [31/May/2016:23:03:52 +0100] "GET /section8 HTTP/1.0" 200 4796 "http://searchengine.com" "Mozilla/5.0 (Windows NT 5.1; rv:31.0) Gecko/20100101 Firefox/31.0"
10.182.189.79 - - [31/May/2016:23:08:10 +0100] "GET /section6 HTTP/1.0" 200 3037 "http://shoptoplist.com/top_shops" "Mozilla/5.0 (Windows; U; MSIE 9.0; WIndows NT 9.0; en-US))"
233.192.62.103 - - [31/May/2016:23:36:30 +0100] "GET /section4 HTTP/1.0" 200 2370 "http://shoptoplist.com/top_shops" "Mozilla/5.0 (Windows NT 5.1; rv:31.0) Gecko/20100101 Firefox/31.0"
10.182.189.79 - - [31/May/2016:23:47:47 +0100] "GET /section7 HTTP/1.0" 200 2257 "http://searchengine.com" "Mozilla/5.0 (Macintosh; Intel Mac OS X 10_9_2) AppleWebKit/537.36 (KHTML, like Gecko) Chrome/36.0.1944.0 Safari/537.36"
123.221.14.56 - - [01/Jun/2016:00:03:16 +0100] "GET /section7 HTTP/1.0" 200 3640 "http://searchengine.com" "Mozilla/5.0 (Windows; U; Windows NT 6.1; rv:2.2) Gecko/20110201"
123.221.14.56 - - [01/Jun/2016:00:37:45 +0100] "GET /section2 HTTP/1.0" 200 2158 "http://searchengine.com" "Mozilla/5.0 (iPad; CPU OS 6_0 like Mac OS X) AppleWebKit/536.26 (KHTML, like Gecko) Version/6.0 Mobile/10A5355d Safari/8536.25"
81.73.150.239 - - [01/Jun/2016:01:05:33 +0100] "GET /section5 HTTP/1.0" 200 3511 "http://shoptoplist.com/top_shops" "Mozilla/5.0 (iPad; CPU OS 6_0 like Mac OS X) AppleWebKit/536.26 (KHTML, like Gecko) Version/6.0 Mobile/10A5355d Safari/8536.25"
233.192.62.103 - - [01/Jun/2016:01:42:34 +0100] "GET /section3 HTTP/1.0" 200 3768 "http://productreviews.com" "Mozilla/5.0 (Windows; U; MSIE 9.0; WIndows NT 9.0; en-US))"
233.192.62.103 - - [01/Jun/2016:02:31:57 +0100] "GET /section8 HTTP/1.0" 200 3420 "http://www.shoppingsite.com" "Mozilla/5.0 (iPad; CPU OS 6_0 like Mac OS X) AppleWebKit/536.26 (KHTML, like Gecko) Version/6.0 Mobile/10A5355d Safari/8536.25"
10.182.189.79 - - [01/Jun/2016:02:57:16 +0100] "GET /section7 HTTP/1.0" 200 3309 "http://productreviews.com" "Mozilla/5.0 (Macintosh; Intel Mac OS X 10_9_2) AppleWebKit/537.36 (KHTML, like Gecko) Chrome/36.0.1944.0 Safari/537.36"
233.192.62.103 - - [01/Jun/2016:03:30:28 +0100] "GET /section2 HTTP/1.0" 200 3781 "http://shoptoplist.com/top_shops" "Mozilla/5.0 (Macintosh; Intel Mac OS X 10_9_2) AppleWebKit/537.36 (KHTML, like Gecko) Chrome/36.0.1944.0 Safari/537.36"
114.214.178.92 - - [01/Jun/2016:03:39:21 +0100] "GET /section3 HTTP/1.0" 200 2304 "http://searchengine.com" "Mozilla/4.0 (compatible; MSIE 7.0; Windows NT 6.0)"
198.122.118.164 - - [01/Jun/2016:04:18:55 +0100] "GET /section1 HTTP/1.0" 200 4155 "http://www.shoppingsite.com" "Mozilla/5.0 (iPad; CPU OS 6_0 like Mac OS X) AppleWebKit/536.26 (KHTML, like Gecko) Version/6.0 Mobile/10A5355d Safari/8536.25"
244.157.45.12 - - [01/Jun/2016:05:05:33 +0100] "GET /section4 HTTP/1.0" 200 2344 "http://searchengine.com" "Mozilla/5.0 (Windows; U; MSIE 9.0; WIndows NT 9.0; en-US))"
81.73.150.239 - - [01/Jun/2016:05:43:37 +0100] "GET /section7 HTTP/1.0" 200 3853 "http://www.shoppingsite.com" "Mozilla/5.0 (Linux; U; Android 2.3.5; en-us; HTC Vision Build/GRI40) AppleWebKit/533.1 (KHTML, like Gecko) Version/4.0 Mobile Safari/533.1"
16.180.70.237 - - [01/Jun/2016:05:56:14 +0100] "GET /section4 HTTP/1.0" 200 2214 "http://productreviews.com" "Mozilla/5.0 (Windows NT 5.1; rv:31.0) Gecko/20100101 Firefox/31.0"
233.192.62.103 - - [01/Jun/2016:06:31:57 +0100] "GET /section3 HTTP/1.0" 200 4893 "-" "Mozilla/5.0 (Macintosh; Intel Mac OS X 10_9_2) AppleWebKit/537.36 (KHTML, like Gecko) Chrome/36.0.1944.0 Safari/537.36"
10.182.189.79 - - [01/Jun/2016:07:08:46 +0100] "GET /section6 HTTP/1.0" 200 4480 "http://www.shoppingsite.com" "Mozilla/5.0 (Windows NT 5.1; rv:31.0) Gecko/20100101 Firefox/31.0"
233.192.62.103 - - [01/Jun/2016:07:20:44 +0100] "GET /section7 HTTP/1.0" 200 4577 "http://www.shoppingsite.com" "Mozilla/5.0 (Linux; U; Android 2.3.5; en-us; HTC Vision Build/GRI40) AppleWebKit/533.1 (KHTML, like Gecko) Version/4.0 Mobile Safari/533.1"
244.157.45.12 - - [01/Jun/2016:07:40:07 +0100] "GET /section4 HTTP/1.0" 200 2129 "http://productreviews.com" "Mozilla/5.0 (Windows; U; MSIE 9.0; WIndows NT 9.0; en-US))"
218.193.16.244 - - [01/Jun/2016:07:49:44 +0100] "GET /section7 HTTP/1.0" 200 4594 "http://searchengine.com" "Mozilla/5.0 (iPad; CPU OS 6_0 like Mac OS X) AppleWebKit/536.26 (KHTML, like Gecko) Version/6.0 Mobile/10A5355d Safari/8536.25"
16.180.70.237 - - [01/Jun/2016:08:09:49 +0100] "GET /section5 HTTP/1.0" 200 2357 "http://searchengine.com" "Mozilla/5.0 (Windows; U; MSIE 9.0; WIndows NT 9.0; en-US))"
244.157.45.12 - - [01/Jun/2016:08:19:31 +0100] "GET /section1 HTTP/1.0" 200 2827 "http://www.shoppingsite.com" "Mozilla/5.0 (Linux; U; Android 2.3.5; en-us; HTC Vision Build/GRI40) AppleWebKit/533.1 (KHTML, like Gecko) Version/4.0 Mobile Safari/533.1"
114.214.178.92 - - [01/Jun/2016:08:43:49 +0100] "GET /section2 HTTP/1.0" 200 4088 "http://productreviews.com" "Mozilla/5.0 (iPad; CPU OS 6_0 like Mac OS X) AppleWebKit/536.26 (KHTML, like Gecko) Version/6.0 Mobile/10A5355d Safari/8536.25"
16.180.70.237 - - [01/Jun/2016:08:58:11 +0100] "GET /section2 HTTP/1.0" 200 4259 "http://shoptoplist.com/top_shops" "Mozilla/5.0 (Windows; U; MSIE 9.0; WIndows NT 9.0; en-US))"
218.193.16.244 - - [01/Jun/2016:09:09:59 +0100] "GET /section4 HTTP/1.0" 200 2806 "-" "Mozilla/5.0 (Windows; U; Windows NT 6.1; rv:2.2) Gecko/20110201"
233.192.62.103 - - [01/Jun/2016:09:31:31 +0100] "GET /section3 HTTP/1.0" 200 2018 "http://shoptoplist.com/top_shops" "Mozilla/5.0 (Windows; U; Windows NT 6.1; rv:2.2) Gecko/20110201"
114.214.178.92 - - [01/Jun/2016:09:59:06 +0100] "GET /section4 HTTP/1.0" 200 3449 "http://shoptoplist.com/top_shops" "Mozilla/5.0 (Macintosh; Intel Mac OS X 10_9_2) AppleWebKit/537.36 (KHTML, like Gecko) Chrome/36.0.1944.0 Safari/537.36"
114.214.178.92 - - [01/Jun/2016:10:48:21 +0100] "GET /section1 HTTP/1.0" 200 4257 "http://searchengine.com" "Mozilla/4.0 (compatible; MSIE 7.0; Windows NT 6.0)"
81.73.150.239 - - [01/Jun/2016:11:09:20 +0100] "GET /section3 HTTP/1.0" 200 4542 "-" "Mozilla/5.0 (Windows; U; MSIE 9.0; WIndows NT 9.0; en-US))"
218.193.16.244 - - [01/Jun/2016:11:56:34 +0100] "GET /section7 HTTP/1.0" 200 4206 "http://searchengine.com" "Mozilla/5.0 (Linux; U; Android 2.3.5; en-us; HTC Vision Build/GRI40) AppleWebKit/533.1 (KHTML, like Gecko) Version/4.0 Mobile Safari/533.1"
198.122.118.164 - - [01/Jun/2016:12:36:02 +0100] "GET /section4 HTTP/1.0" 200 4854 "http://www.shoppingsite.com" "Mozilla/5.0 (Linux; U; Android 2.3.5; en-us; HTC Vision Build/GRI40) AppleWebKit/533.1 (KHTML, like Gecko) Version/4.0 Mobile Safari/533.1"
114.214.178.92 - - [01/Jun/2016:13:09:06 +0100] "GET /section3 HTTP/1.0" 200 4919 "-" "Mozilla/5.0 (iPad; CPU OS 6_0 like Mac OS X) AppleWebKit/536.26 (KHTML, like Gecko) Version/6.0 Mobile/10A5355d Safari/8536.25"
218.193.16.244 - - [01/Jun/2016:13:18:12 +0100] "GET /section2 HTTP/1.0" 200 2041 "http://productreviews.com" "Mozilla/5.0 (Windows NT 5.1; rv:31.0) Gecko/20100101 Firefox/31.0"
123.221.14.56 - - [01/Jun/2016:13:33:38 +0100] "GET /section2 HTTP/1.0" 200 3410 "http://searchengine.com" "Mozilla/5.0 (Windows NT 5.1; rv:31.0) Gecko/20100101 Firefox/31.0"
123.221.14.56 - - [01/Jun/2016:13:37:21 +0100] "GET /section4 HTTP/1.0" 200 4304 "http://productreviews.com" "Mozilla/5.0 (Windows; U; MSIE 9.0; WIndows NT 9.0; en-US))"
123.221.14.56 - - [01/Jun/2016:13:37:53 +0100] "GET /section8 HTTP/1.0" 200 2143 "http://shoptoplist.com/top_shops" "Mozilla/5.0 (Windows; U; Windows NT 6.1; rv:2.2) Gecko/20110201"
244.157.45.12 - - [01/Jun/2016:14:14:59 +0100] "GET /section6 HTTP/1.0" 200 4620 "http://www.shoppingsite.com" "Mozilla/5.0 (Windows; U; MSIE 9.0; WIndows NT 9.0; en-US))"
114.214.178.92 - - [01/Jun/2016:14:32:55 +0100] "GET /section8 HTTP/1.0" 200 4003 "http://productreviews.com" "Mozilla/5.0 (Linux; U; Android 2.3.5; en-us; HTC Vision Build/GRI40) AppleWebKit/533.1 (KHTML, like Gecko) Version/4.0 Mobile Safari/533.1"
10.182.189.79 - - [01/Jun/2016:15:04:46 +0100] "GET /section8 HTTP/1.0" 200 4779 "http://productreviews.com" "Mozilla/5.0 (Windows NT 5.1; rv:31.0) Gecko/20100101 Firefox/31.0"
16.180.70.237 - - [01/Jun/2016:15:07:01 +0100] "GET /section7 HTTP/1.0" 200 4874 "http://shoptoplist.com/top_shops" "Mozilla/5.0 (Macintosh; Intel Mac OS X 10_9_2) AppleWebKit/537.36 (KHTML, like Gecko) Chrome/36.0.1944.0 Safari/537.36"
198.122.118.164 - - [01/Jun/2016:15:12:07 +0100] "GET /section7 HTTP/1.0" 200 4930 "-" "Mozilla/5.0 (Windows NT 5.1; rv:31.0) Gecko/20100101 Firefox/31.0"
218.193.16.244 - - [01/Jun/2016:15:24:17 +0100] "GET /section7 HTTP/1.0" 200 3443 "http://searchengine.com" "Mozilla/5.0 (Windows; U; Windows NT 6.1; rv:2.2) Gecko/20110201"
233.192.62.103 - - [01/Jun/2016:15:43:21 +0100] "GET /section8 HTTP/1.0" 200 3157 "http://searchengine.com" "Mozilla/5.0 (Linux; U; Android 2.3.5; en-us; HTC Vision Build/GRI40) AppleWebKit/533.1 (KHTML, like Gecko) Version/4.0 Mobile Safari/533.1"
198.122.118.164 - - [01/Jun/2016:16:03:27 +0100] "GET /section1 HTTP/1.0" 200 2978 "http://shoptoplist.com/top_shops" "Mozilla/5.0 (Windows; U; Windows NT 6.1; rv:2.2) Gecko/20110201"
16.180.70.237 - - [01/Jun/2016:16:07:11 +0100] "GET /section2 HTTP/1.0" 200 2866 "http://searchengine.com" "Mozilla/5.0 (Windows; U; Windows NT 6.1; rv:2.2) Gecko/20110201"
10.182.189.79 - - [01/Jun/2016:16:11:08 +0100] "GET /section8 HTTP/1.0" 200 3905 "-" "Mozilla/5.0 (Windows NT 5.1; rv:31.0) Gecko/20100101 Firefox/31.0"
198.122.118.164 - - [01/Jun/2016:16:20:15 +0100] "GET /section4 HTTP/1.0" 200 4830 "http://www.shoppingsite.com" "Mozilla/5.0 (Windows; U; MSIE 9.0; WIndows NT 9.0; en-US))"
16.180.70.237 - - [01/Jun/2016:16:59:52 +0100] "GET /section1 HTTP/1.0" 200 3207 "http://www.shoppingsite.com" "Mozilla/5.0 (Windows NT 5.1; rv:31.0) Gecko/20100101 Firefox/31.0"
114.214.178.92 - - [01/Jun/2016:17:48:01 +0100] "GET /section1 HTTP/1.0" 200 4905 "http://www.shoppingsite.com" "Mozilla/5.0 (Macintosh; Intel Mac OS X 10_9_2) AppleWebKit/537.36 (KHTML, like Gecko) Chrome/36.0.1944.0 Safari/537.36"
244.157.45.12 - - [01/Jun/2016:17:54:18 +0100] "GET /section1 HTTP/1.0" 200 3777 "http://shoptoplist.com/top_shops" "Mozilla/4.0 (compatible; MSIE 7.0; Windows NT 6.0)"
16.180.70.237 - - [01/Jun/2016:18:11:35 +0100] "GET /section2 HTTP/1.0" 200 2579 "http://productreviews.com" "Mozilla/5.0 (Macintosh; Intel Mac OS X 10_9_2) AppleWebKit/537.36 (KHTML, like Gecko) Chrome/36.0.1944.0 Safari/537.36"
81.73.150.239 - - [01/Jun/2016:18:20:58 +0100] "GET /section2 HTTP/1.0" 200 2698 "http://searchengine.com" "Mozilla/5.0 (iPad; CPU OS 6_0 like Mac OS X) AppleWebKit/536.26 (KHTML, like Gecko) Version/6.0 Mobile/10A5355d Safari/8536.25"
218.193.16.244 - - [01/Jun/2016:18:41:01 +0100] "GET /section6 HTTP/1.0" 200 4327 "http://www.shoppingsite.com" "Mozilla/5.0 (Windows NT 5.1; rv:31.0) Gecko/20100101 Firefox/31.0"
10.182.189.79 - - [01/Jun/2016:18:51:25 +0100] "GET /section8 HTTP/1.0" 200 4352 "http://productreviews.com" "Mozilla/5.0 (Linux; U; Android 2.3.5; en-us; HTC Vision Build/GRI40) AppleWebKit/533.1 (KHTML, like Gecko) Version/4.0 Mobile Safari/533.1"
233.192.62.103 - - [01/Jun/2016:19:40:37 +0100] "GET /section4 HTTP/1.0" 200 4124 "http://www.shoppingsite.com" "Mozilla/5.0 (Macintosh; Intel Mac OS X 10_9_2) AppleWebKit/537.36 (KHTML, like Gecko) Chrome/36.0.1944.0 Safari/537.36"
198.122.118.164 - - [01/Jun/2016:20:12:12 +0100] "GET /section2 HTTP/1.0" 200 2640 "http://searchengine.com" "Mozilla/5.0 (Windows; U; MSIE 9.0; WIndows NT 9.0; en-US))"
198.122.118.164 - - [01/Jun/2016:20:32:46 +0100] "GET /section6 HTTP/1.0" 200 2293 "http://productreviews.com" "Mozilla/5.0 (Windows NT 5.1; rv:31.0) Gecko/20100101 Firefox/31.0"
198.122.118.164 - - [01/Jun/2016:20:37:04 +0100] "GET /section8 HTTP/1.0" 200 3804 "http://productreviews.com" "Mozilla/5.0 (Windows; U; MSIE 9.0; WIndows NT 9.0; en-US))"
237.43.24.118 - - [01/Jun/2016:21:15:38 +0100] "GET /section6 HTTP/1.0" 200 2104 "-" "Mozilla/5.0 (iPad; CPU OS 6_0 like Mac OS X) AppleWebKit/536.26 (KHTML, like Gecko) Version/6.0 Mobile/10A5355d Safari/8536.25"
218.193.16.244 - - [01/Jun/2016:21:17:36 +0100] "GET /section5 HTTP/1.0" 200 2227 "http://www.shoppingsite.com" "Mozilla/5.0 (iPad; CPU OS 6_0 like Mac OS X) AppleWebKit/536.26 (KHTML, like Gecko) Version/6.0 Mobile/10A5355d Safari/8536.25"
81.73.150.239 - - [01/Jun/2016:21:34:22 +0100] "GET /section6 HTTP/1.0" 200 4788 "http://searchengine.com" "Mozilla/5.0 (iPad; CPU OS 6_0 like Mac OS X) AppleWebKit/536.26 (KHTML, like Gecko) Version/6.0 Mobile/10A5355d Safari/8536.25"
123.221.14.56 - - [01/Jun/2016:22:18:50 +0100] "GET /section6 HTTP/1.0" 200 2567 "http://searchengine.com" "Mozilla/5.0 (Windows NT 5.1; rv:31.0) Gecko/20100101 Firefox/31.0"
114.214.178.92 - - [01/Jun/2016:22:35:29 +0100] "GET /section8 HTTP/1.0" 200 4839 "http://shoptoplist.com/top_shops" "Mozilla/5.0 (Windows; U; MSIE 9.0; WIndows NT 9.0; en-US))"
233.192.62.103 - - [01/Jun/2016:22:40:10 +0100] "GET /section6 HTTP/1.0" 200 4593 "http://searchengine.com" "Mozilla/5.0 (iPad; CPU OS 6_0 like Mac OS X) AppleWebKit/536.26 (KHTML, like Gecko) Version/6.0 Mobile/10A5355d Safari/8536.25"
237.43.24.118 - - [01/Jun/2016:23:17:59 +0100] "GET /section3 HTTP/1.0" 200 4638 "http://shoptoplist.com/top_shops" "Mozilla/4.0 (compatible; MSIE 7.0; Windows NT 6.0)"
81.73.150.239 - - [01/Jun/2016:23:30:28 +0100] "GET /section3 HTTP/1.0" 200 2133 "http://productreviews.com" "Mozilla/4.0 (compatible; MSIE 7.0; Windows NT 6.0)"
10.182.189.79 - - [01/Jun/2016:23:39:53 +0100] "GET /section7 HTTP/1.0" 200 2370 "http://shoptoplist.com/top_shops" "Mozilla/5.0 (Windows; U; MSIE 9.0; WIndows NT 9.0; en-US))"
218.193.16.244 - - [01/Jun/2016:23:45:14 +0100] "GET /section6 HTTP/1.0" 200 2912 "http://www.shoppingsite.com" "Mozilla/5.0 (Linux; U; Android 2.3.5; en-us; HTC Vision Build/GRI40) AppleWebKit/533.1 (KHTML, like Gecko) Version/4.0 Mobile Safari/533.1"
237.43.24.118 - - [02/Jun/2016:00:32:13 +0100] "GET /section7 HTTP/1.0" 200 3237 "http://www.shoppingsite.com" "Mozilla/5.0 (Macintosh; Intel Mac OS X 10_9_2) AppleWebKit/537.36 (KHTML, like Gecko) Chrome/36.0.1944.0 Safari/537.36"
237.43.24.118 - - [02/Jun/2016:01:14:25 +0100] "GET /section3 HTTP/1.0" 200 4526 "http://productreviews.com" "Mozilla/5.0 (Windows; U; Windows NT 6.1; rv:2.2) Gecko/20110201"
114.214.178.92 - - [02/Jun/2016:01:23:16 +0100] "GET /section7 HTTP/1.0" 200 2751 "-" "Mozilla/5.0 (Windows; U; Windows NT 6.1; rv:2.2) Gecko/20110201"
244.157.45.12 - - [02/Jun/2016:01:33:58 +0100] "GET /section5 HTTP/1.0" 200 2809 "http://shoptoplist.com/top_shops" "Mozilla/5.0 (Macintosh; Intel Mac OS X 10_9_2) AppleWebKit/537.36 (KHTML, like Gecko) Chrome/36.0.1944.0 Safari/537.36"
114.214.178.92 - - [02/Jun/2016:01:57:52 +0100] "GET /section6 HTTP/1.0" 200 4746 "-" "Mozilla/5.0 (Windows; U; Windows NT 6.1; rv:2.2) Gecko/20110201"
123.221.14.56 - - [02/Jun/2016:02:39:05 +0100] "GET /section6 HTTP/1.0" 200 2498 "http://www.shoppingsite.com" "Mozilla/5.0 (Windows NT 5.1; rv:31.0) Gecko/20100101 Firefox/31.0"
244.157.45.12 - - [02/Jun/2016:03:01:18 +0100] "GET /section6 HTTP/1.0" 200 2604 "http://www.shoppingsite.com" "Mozilla/4.0 (compatible; MSIE 7.0; Windows NT 6.0)"
10.182.189.79 - - [02/Jun/2016:03:48:32 +0100] "GET /section1 HTTP/1.0" 200 4679 "http://searchengine.com" "Mozilla/5.0 (iPad; CPU OS 6_0 like Mac OS X) AppleWebKit/536.26 (KHTML, like Gecko) Version/6.0 Mobile/10A5355d Safari/8536.25"
81.73.150.239 - - [02/Jun/2016:04:11:12 +0100] "GET /section6 HTTP/1.0" 200 3690 "-" "Mozilla/5.0 (Windows NT 5.1; rv:31.0) Gecko/20100101 Firefox/31.0"
16.180.70.237 - - [02/Jun/2016:04:40:49 +0100] "GET /section6 HTTP/1.0" 200 4031 "http://productreviews.com" "Mozilla/5.0 (Linux; U; Android 2.3.5; en-us; HTC Vision Build/GRI40) AppleWebKit/533.1 (KHTML, like Gecko) Version/4.0 Mobile Safari/533.1"
218.193.16.244 - - [02/Jun/2016:05:26:45 +0100] "GET /section2 HTTP/1.0" 200 2252 "http://www.shoppingsite.com" "Mozilla/5.0 (Linux; U; Android 2.3.5; en-us; HTC Vision Build/GRI40) AppleWebKit/533.1 (KHTML, like Gecko) Version/4.0 Mobile Safari/533.1"
198.122.118.164 - - [02/Jun/2016:05:39:23 +0100] "GET /section3 HTTP/1.0" 200 4843 "http://www.shoppingsite.com" "Mozilla/5.0 (Linux; U; Android 2.3.5; en-us; HTC Vision Build/GRI40) AppleWebKit/533.1 (KHTML, like Gecko) Version/4.0 Mobile Safari/533.1"
244.157.45.12 - - [02/Jun/2016:06:03:18 +0100] "GET /section7 HTTP/1.0" 200 2869 "http://productreviews.com" "Mozilla/5.0 (Windows; U; Windows NT 6.1; rv:2.2) Gecko/20110201"
10.182.189.79 - - [02/Jun/2016:06:16:54 +0100] "GET /section4 HTTP/1.0" 200 2773 "-" "Mozilla/5.0 (Windows; U; Windows NT 6.1; rv:2.2) Gecko/20110201"
81.73.150.239 - - [02/Jun/2016:06:30:15 +0100] "GET /section3 HTTP/1.0" 200 3273 "http://searchengine.com" "Mozilla/4.0 (compatible; MSIE 7.0; Windows NT 6.0)"
123.221.14.56 - - [02/Jun/2016:07:09:12 +0100] "GET /section8 HTTP/1.0" 200 2129 "http://shoptoplist.com/top_shops" "Mozilla/4.0 (compatible; MSIE 7.0; Windows NT 6.0)"
198.122.118.164 - - [02/Jun/2016:07:39:50 +0100] "GET /section4 HTTP/1.0" 200 2003 "http://productreviews.com" "Mozilla/5.0 (Macintosh; Intel Mac OS X 10_9_2) AppleWebKit/537.36 (KHTML, like Gecko) Chrome/36.0.1944.0 Safari/537.36"
218.193.16.244 - - [02/Jun/2016:08:06:59 +0100] "GET /section6 HTTP/1.0" 200 4285 "http://productreviews.com" "Mozilla/5.0 (Windows; U; MSIE 9.0; WIndows NT 9.0; en-US))"
10.182.189.79 - - [02/Jun/2016:08:46:14 +0100] "GET /section2 HTTP/1.0" 200 4126 "http://productreviews.com" "Mozilla/5.0 (Macintosh; Intel Mac OS X 10_9_2) AppleWebKit/537.36 (KHTML, like Gecko) Chrome/36.0.1944.0 Safari/537.36"
198.122.118.164 - - [02/Jun/2016:09:28:19 +0100] "GET /section4 HTTP/1.0" 200 3821 "http://www.shoppingsite.com" "Mozilla/5.0 (Windows NT 5.1; rv:31.0) Gecko/20100101 Firefox/31.0"
81.73.150.239 - - [02/Jun/2016:09:49:44 +0100] "GET /section8 HTTP/1.0" 200 3419 "http://searchengine.com" "Mozilla/5.0 (Linux; U; Android 2.3.5; en-us; HTC Vision Build/GRI40) AppleWebKit/533.1 (KHTML, like Gecko) Version/4.0 Mobile Safari/533.1"
114.214.178.92 - - [02/Jun/2016:10:29:28 +0100] "GET /section6 HTTP/1.0" 200 2875 "http://www.shoppingsite.com" "Mozilla/5.0 (Windows NT 5.1; rv:31.0) Gecko/20100101 Firefox/31.0"
10.182.189.79 - - [02/Jun/2016:11:14:54 +0100] "GET /section4 HTTP/1.0" 200 2731 "http://productreviews.com" "Mozilla/5.0 (Windows; U; Windows NT 6.1; rv:2.2) Gecko/20110201"
114.214.178.92 - - [02/Jun/2016:11:31:21 +0100] "GET /section1 HTTP/1.0" 200 3283 "http://shoptoplist.com/top_shops" "Mozilla/5.0 (Windows; U; MSIE 9.0; WIndows NT 9.0; en-US))"
233.192.62.103 - - [02/Jun/2016:11:46:50 +0100] "GET /section4 HTTP/1.0" 200 4453 "http://www.shoppingsite.com" "Mozilla/5.0 (iPad; CPU OS 6_0 like Mac OS X) AppleWebKit/536.26 (KHTML, like Gecko) Version/6.0 Mobile/10A5355d Safari/8536.25"
198.122.118.164 - - [02/Jun/2016:12:20:49 +0100] "GET /section5 HTTP/1.0" 200 3553 "http://searchengine.com" "Mozilla/4.0 (compatible; MSIE 7.0; Windows NT 6.0)"
198.122.118.164 - - [02/Jun/2016:13:06:32 +0100] "GET /section8 HTTP/1.0" 200 3585 "-" "Mozilla/5.0 (Macintosh; Intel Mac OS X 10_9_2) AppleWebKit/537.36 (KHTML, like Gecko) Chrome/36.0.1944.0 Safari/537.36"
114.214.178.92 - - [02/Jun/2016:13:46:37 +0100] "GET /section5 HTTP/1.0" 200 4450 "http://www.shoppingsite.com" "Mozilla/5.0 (Macintosh; Intel Mac OS X 10_9_2) AppleWebKit/537.36 (KHTML, like Gecko) Chrome/36.0.1944.0 Safari/537.36"
81.73.150.239 - - [02/Jun/2016:13:49:44 +0100] "GET /section7 HTTP/1.0" 200 4537 "http://searchengine.com" "Mozilla/5.0 (Windows; U; Windows NT 6.1; rv:2.2) Gecko/20110201"
123.221.14.56 - - [02/Jun/2016:13:56:04 +0100] "GET /section5 HTTP/1.0" 200 2879 "http://www.shoppingsite.com" "Mozilla/5.0 (Macintosh; Intel Mac OS X 10_9_2) AppleWebKit/537.36 (KHTML, like Gecko) Chrome/36.0.1944.0 Safari/537.36"
114.214.178.92 - - [02/Jun/2016:14:32:51 +0100] "GET /section8 HTTP/1.0" 200 2168 "http://shoptoplist.com/top_shops" "Mozilla/5.0 (Windows; U; Windows NT 6.1; rv:2.2) Gecko/20110201"
10.182.189.79 - - [02/Jun/2016:14:42:44 +0100] "GET /section5 HTTP/1.0" 200 4040 "http://productreviews.com" "Mozilla/4.0 (compatible; MSIE 7.0; Windows NT 6.0)"
10.182.189.79 - - [02/Jun/2016:15:25:05 +0100] "GET /section7 HTTP/1.0" 200 4470 "http://searchengine.com" "Mozilla/5.0 (Windows NT 5.1; rv:31.0) Gecko/20100101 Firefox/31.0"
198.122.118.164 - - [02/Jun/2016:15:38:05 +0100] "GET /section7 HTTP/1.0" 200 3415 "http://www.shoppingsite.com" "Mozilla/5.0 (Macintosh; Intel Mac OS X 10_9_2) AppleWebKit/537.36 (KHTML, like Gecko) Chrome/36.0.1944.0 Safari/537.36"
218.193.16.244 - - [02/Jun/2016:16:27:23 +0100] "GET /section4 HTTP/1.0" 200 4116 "http://productreviews.com" "Mozilla/5.0 (iPad; CPU OS 6_0 like Mac OS X) AppleWebKit/536.26 (KHTML, like Gecko) Version/6.0 Mobile/10A5355d Safari/8536.25"
16.180.70.237 - - [02/Jun/2016:16:43:13 +0100] "GET /section3 HTTP/1.0" 200 3493 "http://shoptoplist.com/top_shops" "Mozilla/5.0 (Macintosh; Intel Mac OS X 10_9_2) AppleWebKit/537.36 (KHTML, like Gecko) Chrome/36.0.1944.0 Safari/537.36"
198.122.118.164 - - [02/Jun/2016:16:46:37 +0100] "GET /section3 HTTP/1.0" 200 4764 "http://www.shoppingsite.com" "Mozilla/5.0 (Windows; U; Windows NT 6.1; rv:2.2) Gecko/20110201"
123.221.14.56 - - [02/Jun/2016:17:30:33 +0100] "GET /section1 HTTP/1.0" 200 3416 "http://www.shoppingsite.com" "Mozilla/5.0 (iPad; CPU OS 6_0 like Mac OS X) AppleWebKit/536.26 (KHTML, like Gecko) Version/6.0 Mobile/10A5355d Safari/8536.25"
233.192.62.103 - - [02/Jun/2016:17:58:55 +0100] "GET /section4 HTTP/1.0" 200 4784 "-" "Mozilla/5.0 (iPad; CPU OS 6_0 like Mac OS X) AppleWebKit/536.26 (KHTML, like Gecko) Version/6.0 Mobile/10A5355d Safari/8536.25"
237.43.24.118 - - [02/Jun/2016:18:30:04 +0100] "GET /section8 HTTP/1.0" 200 4553 "http://shoptoplist.com/top_shops" "Mozilla/5.0 (Windows; U; Windows NT 6.1; rv:2.2) Gecko/20110201"
16.180.70.237 - - [02/Jun/2016:18:38:48 +0100] "GET /section6 HTTP/1.0" 200 2538 "http://shoptoplist.com/top_shops" "Mozilla/5.0 (iPad; CPU OS 6_0 like Mac OS X) AppleWebKit/536.26 (KHTML, like Gecko) Version/6.0 Mobile/10A5355d Safari/8536.25"
81.73.150.239 - - [02/Jun/2016:18:39:44 +0100] "GET /section1 HTTP/1.0" 200 3397 "http://shoptoplist.com/top_shops" "Mozilla/5.0 (Windows; U; Windows NT 6.1; rv:2.2) Gecko/20110201"
237.43.24.118 - - [02/Jun/2016:19:04:45 +0100] "GET /section4 HTTP/1.0" 200 2627 "http://www.shoppingsite.com" "Mozilla/5.0 (Linux; U; Android 2.3.5; en-us; HTC Vision Build/GRI40) AppleWebKit/533.1 (KHTML, like Gecko) Version/4.0 Mobile Safari/533.1"
237.43.24.118 - - [02/Jun/2016:19:11:46 +0100] "GET /section3 HTTP/1.0" 200 4478 "-" "Mozilla/5.0 (Windows; U; MSIE 9.0; WIndows NT 9.0; en-US))"
16.180.70.237 - - [02/Jun/2016:19:14:11 +0100] "GET /section4 HTTP/1.0" 200 4735 "http://shoptoplist.com/top_shops" "Mozilla/5.0 (Windows; U; Windows NT 6.1; rv:2.2) Gecko/20110201"
244.157.45.12 - - [02/Jun/2016:19:51:46 +0100] "GET /section6 HTTP/1.0" 200 4423 "http://searchengine.com" "Mozilla/5.0 (Windows; U; Windows NT 6.1; rv:2.2) Gecko/20110201"
244.157.45.12 - - [02/Jun/2016:20:32:03 +0100] "GET /section3 HTTP/1.0" 200 4649 "http://searchengine.com" "Mozilla/4.0 (compatible; MSIE 7.0; Windows NT 6.0)"
114.214.178.92 - - [02/Jun/2016:20:59:31 +0100] "GET /section6 HTTP/1.0" 200 2197 "http://searchengine.com" "Mozilla/5.0 (Windows; U; Windows NT 6.1; rv:2.2) Gecko/20110201"
123.221.14.56 - - [02/Jun/2016:21:43:40 +0100] "GET /section5 HTTP/1.0" 200 2092 "http://searchengine.com" "Mozilla/5.0 (Windows; U; MSIE 9.0; WIndows NT 9.0; en-US))"
10.182.189.79 - - [02/Jun/2016:22:19:01 +0100] "GET /section8 HTTP/1.0" 200 4836 "http://searchengine.com" "Mozilla/4.0 (compatible; MSIE 7.0; Windows NT 6.0)"
123.221.14.56 - - [02/Jun/2016:22:56:06 +0100] "GET /section1 HTTP/1.0" 200 2291 "-" "Mozilla/5.0 (Windows NT 5.1; rv:31.0) Gecko/20100101 Firefox/31.0"
244.157.45.12 - - [02/Jun/2016:23:34:00 +0100] "GET /section4 HTTP/1.0" 200 4358 "http://productreviews.com" "Mozilla/4.0 (compatible; MSIE 7.0; Windows NT 6.0)"
218.193.16.244 - - [03/Jun/2016:00:21:55 +0100] "GET /section2 HTTP/1.0" 200 4429 "http://shoptoplist.com/top_shops" "Mozilla/5.0 (Linux; U; Android 2.3.5; en-us; HTC Vision Build/GRI40) AppleWebKit/533.1 (KHTML, like Gecko) Version/4.0 Mobile Safari/533.1"
114.214.178.92 - - [03/Jun/2016:00:59:07 +0100] "GET /section8 HTTP/1.0" 200 2156 "http://searchengine.com" "Mozilla/5.0 (Windows; U; MSIE 9.0; WIndows NT 9.0; en-US))"
233.192.62.103 - - [03/Jun/2016:01:08:15 +0100] "GET /section3 HTTP/1.0" 200 4209 "http://searchengine.com" "Mozilla/5.0 (iPad; CPU OS 6_0 like Mac OS X) AppleWebKit/536.26 (KHTML, like Gecko) Version/6.0 Mobile/10A5355d Safari/8536.25"
81.73.150.239 - - [03/Jun/2016:01:23:20 +0100] "GET /section4 HTTP/1.0" 200 3089 "http://www.shoppingsite.com" "Mozilla/5.0 (iPad; CPU OS 6_0 like Mac OS X) AppleWebKit/536.26 (KHTML, like Gecko) Version/6.0 Mobile/10A5355d Safari/8536.25"
10.182.189.79 - - [03/Jun/2016:01:52:24 +0100] "GET /section3 HTTP/1.0" 200 4611 "http://www.shoppingsite.com" "Mozilla/5.0 (Windows NT 5.1; rv:31.0) Gecko/20100101 Firefox/31.0"
114.214.178.92 - - [03/Jun/2016:02:16:23 +0100] "GET /section8 HTTP/1.0" 200 2233 "http://shoptoplist.com/top_shops" "Mozilla/5.0 (Windows NT 5.1; rv:31.0) Gecko/20100101 Firefox/31.0"
233.192.62.103 - - [03/Jun/2016:02:33:00 +0100] "GET /section8 HTTP/1.0" 200 2453 "http://shoptoplist.com/top_shops" "Mozilla/5.0 (iPad; CPU OS 6_0 like Mac OS X) AppleWebKit/536.26 (KHTML, like Gecko) Version/6.0 Mobile/10A5355d Safari/8536.25"
81.73.150.239 - - [03/Jun/2016:03:22:58 +0100] "GET /section4 HTTP/1.0" 200 3809 "http://www.shoppingsite.com" "Mozilla/5.0 (Linux; U; Android 2.3.5; en-us; HTC Vision Build/GRI40) AppleWebKit/533.1 (KHTML, like Gecko) Version/4.0 Mobile Safari/533.1"
244.157.45.12 - - [03/Jun/2016:03:52:34 +0100] "GET /section3 HTTP/1.0" 200 2683 "http://www.shoppingsite.com" "Mozilla/5.0 (iPad; CPU OS 6_0 like Mac OS X) AppleWebKit/536.26 (KHTML, like Gecko) Version/6.0 Mobile/10A5355d Safari/8536.25"
81.73.150.239 - - [03/Jun/2016:04:20:52 +0100] "GET /section8 HTTP/1.0" 200 4546 "http://shoptoplist.com/top_shops" "Mozilla/5.0 (Macintosh; Intel Mac OS X 10_9_2) AppleWebKit/537.36 (KHTML, like Gecko) Chrome/36.0.1944.0 Safari/537.36"
114.214.178.92 - - [03/Jun/2016:05:00:30 +0100] "GET /section4 HTTP/1.0" 200 4671 "http://shoptoplist.com/top_shops" "Mozilla/5.0 (Windows; U; MSIE 9.0; WIndows NT 9.0; en-US))"
123.221.14.56 - - [03/Jun/2016:05:20:41 +0100] "GET /section6 HTTP/1.0" 200 2664 "http://productreviews.com" "Mozilla/5.0 (Windows NT 5.1; rv:31.0) Gecko/20100101 Firefox/31.0"
198.122.118.164 - - [03/Jun/2016:06:00:02 +0100] "GET /section2 HTTP/1.0" 200 3037 "http://www.shoppingsite.com" "Mozilla/5.0 (Windows NT 5.1; rv:31.0) Gecko/20100101 Firefox/31.0"
81.73.150.239 - - [03/Jun/2016:06:36:27 +0100] "GET /section6 HTTP/1.0" 200 2194 "http://www.shoppingsite.com" "Mozilla/4.0 (compatible; MSIE 7.0; Windows NT 6.0)"
237.43.24.118 - - [03/Jun/2016:06:39:48 +0100] "GET /section1 HTTP/1.0" 200 2945 "-" "Mozilla/5.0 (iPad; CPU OS 6_0 like Mac OS X) AppleWebKit/536.26 (KHTML, like Gecko) Version/6.0 Mobile/10A5355d Safari/8536.25"
16.180.70.237 - - [03/Jun/2016:07:26:27 +0100] "GET /section2 HTTP/1.0" 200 4570 "http://www.shoppingsite.com" "Mozilla/5.0 (Windows; U; MSIE 9.0; WIndows NT 9.0; en-US))"
123.221.14.56 - - [03/Jun/2016:08:07:48 +0100] "GET /section7 HTTP/1.0" 200 2021 "http://productreviews.com" "Mozilla/5.0 (iPad; CPU OS 6_0 like Mac OS X) AppleWebKit/536.26 (KHTML, like Gecko) Version/6.0 Mobile/10A5355d Safari/8536.25"
233.192.62.103 - - [03/Jun/2016:08:38:38 +0100] "GET /section5 HTTP/1.0" 200 2916 "http://www.shoppingsite.com" "Mozilla/5.0 (Windows NT 5.1; rv:31.0) Gecko/20100101 Firefox/31.0"
123.221.14.56 - - [03/Jun/2016:08:58:24 +0100] "GET /section1 HTTP/1.0" 200 3808 "http://productreviews.com" "Mozilla/5.0 (iPad; CPU OS 6_0 like Mac OS X) AppleWebKit/536.26 (KHTML, like Gecko) Version/6.0 Mobile/10A5355d Safari/8536.25"
10.182.189.79 - - [03/Jun/2016:09:23:04 +0100] "GET /section6 HTTP/1.0" 200 3944 "http://www.shoppingsite.com" "Mozilla/5.0 (Windows; U; MSIE 9.0; WIndows NT 9.0; en-US))"
123.221.14.56 - - [03/Jun/2016:09:52:20 +0100] "GET /section7 HTTP/1.0" 200 4352 "http://shoptoplist.com/top_shops" "Mozilla/5.0 (Linux; U; Android 2.3.5; en-us; HTC Vision Build/GRI40) AppleWebKit/533.1 (KHTML, like Gecko) Version/4.0 Mobile Safari/533.1"
10.182.189.79 - - [03/Jun/2016:10:02:27 +0100] "GET /section1 HTTP/1.0" 200 3043 "-" "Mozilla/5.0 (iPad; CPU OS 6_0 like Mac OS X) AppleWebKit/536.26 (KHTML, like Gecko) Version/6.0 Mobile/10A5355d Safari/8536.25"
233.192.62.103 - - [03/Jun/2016:10:31:20 +0100] "GET /section4 HTTP/1.0" 200 4120 "http://www.shoppingsite.com" "Mozilla/5.0 (Macintosh; Intel Mac OS X 10_9_2) AppleWebKit/537.36 (KHTML, like Gecko) Chrome/36.0.1944.0 Safari/537.36"
198.122.118.164 - - [03/Jun/2016:10:56:37 +0100] "GET /section3 HTTP/1.0" 200 4453 "http://shoptoplist.com/top_shops" "Mozilla/5.0 (Windows NT 5.1; rv:31.0) Gecko/20100101 Firefox/31.0"
244.157.45.12 - - [03/Jun/2016:11:40:32 +0100] "GET /section3 HTTP/1.0" 200 2244 "-" "Mozilla/5.0 (Windows NT 5.1; rv:31.0) Gecko/20100101 Firefox/31.0"
233.192.62.103 - - [03/Jun/2016:12:24:27 +0100] "GET /section6 HTTP/1.0" 200 3948 "http://searchengine.com" "Mozilla/5.0 (Windows; U; MSIE 9.0; WIndows NT 9.0; en-US))"
81.73.150.239 - - [03/Jun/2016:13:04:48 +0100] "GET /section6 HTTP/1.0" 200 2964 "http://shoptoplist.com/top_shops" "Mozilla/5.0 (Windows; U; Windows NT 6.1; rv:2.2) Gecko/20110201"
244.157.45.12 - - [03/Jun/2016:13:34:05 +0100] "GET /section4 HTTP/1.0" 200 3838 "http://www.shoppingsite.com" "Mozilla/5.0 (Macintosh; Intel Mac OS X 10_9_2) AppleWebKit/537.36 (KHTML, like Gecko) Chrome/36.0.1944.0 Safari/537.36"
114.214.178.92 - - [03/Jun/2016:14:10:56 +0100] "GET /section4 HTTP/1.0" 200 2761 "http://shoptoplist.com/top_shops" "Mozilla/5.0 (Macintosh; Intel Mac OS X 10_9_2) AppleWebKit/537.36 (KHTML, like Gecko) Chrome/36.0.1944.0 Safari/537.36"
218.193.16.244 - - [03/Jun/2016:14:25:42 +0100] "GET /section3 HTTP/1.0" 200 4745 "-" "Mozilla/5.0 (Windows NT 5.1; rv:31.0) Gecko/20100101 Firefox/31.0"
114.214.178.92 - - [03/Jun/2016:14:35:19 +0100] "GET /section4 HTTP/1.0" 200 4550 "http://productreviews.com" "Mozilla/4.0 (compatible; MSIE 7.0; Windows NT 6.0)"
198.122.118.164 - - [03/Jun/2016:14:42:11 +0100] "GET /section1 HTTP/1.0" 200 4944 "http://searchengine.com" "Mozilla/5.0 (Windows; U; MSIE 9.0; WIndows NT 9.0; en-US))"
244.157.45.12 - - [03/Jun/2016:14:45:01 +0100] "GET /section7 HTTP/1.0" 200 3822 "http://shoptoplist.com/top_shops" "Mozilla/4.0 (compatible; MSIE 7.0; Windows NT 6.0)"
81.73.150.239 - - [03/Jun/2016:15:12:55 +0100] "GET /section6 HTTP/1.0" 200 4295 "http://www.shoppingsite.com" "Mozilla/5.0 (Linux; U; Android 2.3.5; en-us; HTC Vision Build/GRI40) AppleWebKit/533.1 (KHTML, like Gecko) Version/4.0 Mobile Safari/533.1"
10.182.189.79 - - [03/Jun/2016:15:20:07 +0100] "GET /section8 HTTP/1.0" 200 4186 "http://shoptoplist.com/top_shops" "Mozilla/5.0 (iPad; CPU OS 6_0 like Mac OS X) AppleWebKit/536.26 (KHTML, like Gecko) Version/6.0 Mobile/10A5355d Safari/8536.25"
114.214.178.92 - - [03/Jun/2016:16:00:22 +0100] "GET /section3 HTTP/1.0" 200 3539 "http://www.shoppingsite.com" "Mozilla/5.0 (iPad; CPU OS 6_0 like Mac OS X) AppleWebKit/536.26 (KHTML, like Gecko) Version/6.0 Mobile/10A5355d Safari/8536.25"
218.193.16.244 - - [03/Jun/2016:16:02:22 +0100] "GET /section6 HTTP/1.0" 200 2988 "-" "Mozilla/5.0 (Windows; U; Windows NT 6.1; rv:2.2) Gecko/20110201"
244.157.45.12 - - [03/Jun/2016:16:23:52 +0100] "GET /section5 HTTP/1.0" 200 2634 "http://productreviews.com" "Mozilla/5.0 (Windows NT 5.1; rv:31.0) Gecko/20100101 Firefox/31.0"
114.214.178.92 - - [03/Jun/2016:16:44:03 +0100] "GET /section5 HTTP/1.0" 200 4630 "http://www.shoppingsite.com" "Mozilla/5.0 (Windows; U; Windows NT 6.1; rv:2.2) Gecko/20110201"
81.73.150.239 - - [03/Jun/2016:16:51:45 +0100] "GET /section8 HTTP/1.0" 200 2552 "-" "Mozilla/5.0 (Windows; U; Windows NT 6.1; rv:2.2) Gecko/20110201"
237.43.24.118 - - [03/Jun/2016:17:29:06 +0100] "GET /section2 HTTP/1.0" 200 3239 "http://www.shoppingsite.com" "Mozilla/5.0 (Windows; U; Windows NT 6.1; rv:2.2) Gecko/20110201"
233.192.62.103 - - [03/Jun/2016:17:42:42 +0100] "GET /section7 HTTP/1.0" 200 3743 "http://shoptoplist.com/top_shops" "Mozilla/5.0 (Windows; U; Windows NT 6.1; rv:2.2) Gecko/20110201"
244.157.45.12 - - [03/Jun/2016:18:14:43 +0100] "GET /section2 HTTP/1.0" 200 4872 "-" "Mozilla/5.0 (Macintosh; Intel Mac OS X 10_9_2) AppleWebKit/537.36 (KHTML, like Gecko) Chrome/36.0.1944.0 Safari/537.36"
16.180.70.237 - - [03/Jun/2016:18:37:11 +0100] "GET /section7 HTTP/1.0" 200 2203 "-" "Mozilla/5.0 (Windows; U; Windows NT 6.1; rv:2.2) Gecko/20110201"
16.180.70.237 - - [03/Jun/2016:18:47:03 +0100] "GET /section2 HTTP/1.0" 200 2666 "http://www.shoppingsite.com" "Mozilla/4.0 (compatible; MSIE 7.0; Windows NT 6.0)"
244.157.45.12 - - [03/Jun/2016:19:22:49 +0100] "GET /section8 HTTP/1.0" 200 3273 "http://shoptoplist.com/top_shops" "Mozilla/5.0 (Linux; U; Android 2.3.5; en-us; HTC Vision Build/GRI40) AppleWebKit/533.1 (KHTML, like Gecko) Version/4.0 Mobile Safari/533.1"
16.180.70.237 - - [03/Jun/2016:19:25:45 +0100] "GET /section3 HTTP/1.0" 200 3180 "http://shoptoplist.com/top_shops" "Mozilla/5.0 (iPad; CPU OS 6_0 like Mac OS X) AppleWebKit/536.26 (KHTML, like Gecko) Version/6.0 Mobile/10A5355d Safari/8536.25"
233.192.62.103 - - [03/Jun/2016:20:04:50 +0100] "GET /section8 HTTP/1.0" 200 3556 "http://searchengine.com" "Mozilla/5.0 (Windows NT 5.1; rv:31.0) Gecko/20100101 Firefox/31.0"
198.122.118.164 - - [03/Jun/2016:20:37:13 +0100] "GET /section4 HTTP/1.0" 200 2289 "http://www.shoppingsite.com" "Mozilla/5.0 (Linux; U; Android 2.3.5; en-us; HTC Vision Build/GRI40) AppleWebKit/533.1 (KHTML, like Gecko) Version/4.0 Mobile Safari/533.1"
81.73.150.239 - - [03/Jun/2016:20:44:36 +0100] "GET /section8 HTTP/1.0" 200 2430 "http://shoptoplist.com/top_shops" "Mozilla/5.0 (Windows; U; MSIE 9.0; WIndows NT 9.0; en-US))"
114.214.178.92 - - [03/Jun/2016:21:12:51 +0100] "GET /section8 HTTP/1.0" 200 4424 "http://searchengine.com" "Mozilla/5.0 (Linux; U; Android 2.3.5; en-us; HTC Vision Build/GRI40) AppleWebKit/533.1 (KHTML, like Gecko) Version/4.0 Mobile Safari/533.1"
198.122.118.164 - - [03/Jun/2016:21:49:26 +0100] "GET /section1 HTTP/1.0" 200 3596 "http://searchengine.com" "Mozilla/5.0 (Windows; U; Windows NT 6.1; rv:2.2) Gecko/20110201"
16.180.70.237 - - [03/Jun/2016:22:28:13 +0100] "GET /section4 HTTP/1.0" 200 2760 "http://www.shoppingsite.com" "Mozilla/5.0 (Windows; U; MSIE 9.0; WIndows NT 9.0; en-US))"
123.221.14.56 - - [03/Jun/2016:22:55:51 +0100] "GET /section2 HTTP/1.0" 200 3973 "http://productreviews.com" "Mozilla/5.0 (Macintosh; Intel Mac OS X 10_9_2) AppleWebKit/537.36 (KHTML, like Gecko) Chrome/36.0.1944.0 Safari/537.36"
16.180.70.237 - - [03/Jun/2016:23:11:30 +0100] "GET /section3 HTTP/1.0" 200 2546 "http://productreviews.com" "Mozilla/5.0 (Macintosh; Intel Mac OS X 10_9_2) AppleWebKit/537.36 (KHTML, like Gecko) Chrome/36.0.1944.0 Safari/537.36"
237.43.24.118 - - [03/Jun/2016:23:46:57 +0100] "GET /section5 HTTP/1.0" 200 3743 "http://www.shoppingsite.com" "Mozilla/5.0 (Windows; U; MSIE 9.0; WIndows NT 9.0; en-US))"
233.192.62.103 - - [04/Jun/2016:00:33:12 +0100] "GET /section3 HTTP/1.0" 200 3974 "http://shoptoplist.com/top_shops" "Mozilla/5.0 (Windows NT 5.1; rv:31.0) Gecko/20100101 Firefox/31.0"
123.221.14.56 - - [04/Jun/2016:01:19:54 +0100] "GET /section3 HTTP/1.0" 200 2526 "http://searchengine.com" "Mozilla/5.0 (Windows; U; Windows NT 6.1; rv:2.2) Gecko/20110201"
16.180.70.237 - - [04/Jun/2016:01:23:53 +0100] "GET /section3 HTTP/1.0" 200 4177 "-" "Mozilla/5.0 (Windows NT 5.1; rv:31.0) Gecko/20100101 Firefox/31.0"
233.192.62.103 - - [04/Jun/2016:01:30:43 +0100] "GET /section2 HTTP/1.0" 200 4198 "http://searchengine.com" "Mozilla/5.0 (Macintosh; Intel Mac OS X 10_9_2) AppleWebKit/537.36 (KHTML, like Gecko) Chrome/36.0.1944.0 Safari/537.36"
123.221.14.56 - - [04/Jun/2016:02:06:20 +0100] "GET /section7 HTTP/1.0" 200 3349 "-" "Mozilla/5.0 (Windows; U; MSIE 9.0; WIndows NT 9.0; en-US))"
123.221.14.56 - - [04/Jun/2016:02:43:23 +0100] "GET /section1 HTTP/1.0" 200 2797 "http://shoptoplist.com/top_shops" "Mozilla/4.0 (compatible; MSIE 7.0; Windows NT 6.0)"
123.221.14.56 - - [04/Jun/2016:03:31:06 +0100] "GET /section1 HTTP/1.0" 200 2566 "http://searchengine.com" "Mozilla/5.0 (Windows; U; MSIE 9.0; WIndows NT 9.0; en-US))"
244.157.45.12 - - [04/Jun/2016:04:10:23 +0100] "GET /section2 HTTP/1.0" 200 3758 "-" "Mozilla/5.0 (Linux; U; Android 2.3.5; en-us; HTC Vision Build/GRI40) AppleWebKit/533.1 (KHTML, like Gecko) Version/4.0 Mobile Safari/533.1"
198.122.118.164 - - [04/Jun/2016:04:45:28 +0100] "GET /section8 HTTP/1.0" 200 3988 "http://searchengine.com" "Mozilla/5.0 (Windows NT 5.1; rv:31.0) Gecko/20100101 Firefox/31.0"
198.122.118.164 - - [04/Jun/2016:04:52:15 +0100] "GET /section8 HTTP/1.0" 200 4851 "http://searchengine.com" "Mozilla/4.0 (compatible; MSIE 7.0; Windows NT 6.0)"
10.182.189.79 - - [04/Jun/2016:05:06:38 +0100] "GET /section4 HTTP/1.0" 200 4249 "http://shoptoplist.com/top_shops" "Mozilla/5.0 (Linux; U; Android 2.3.5; en-us; HTC Vision Build/GRI40) AppleWebKit/533.1 (KHTML, like Gecko) Version/4.0 Mobile Safari/533.1"
123.221.14.56 - - [04/Jun/2016:05:51:23 +0100] "GET /section8 HTTP/1.0" 200 4143 "http://productreviews.com" "Mozilla/4.0 (compatible; MSIE 7.0; Windows NT 6.0)"
123.221.14.56 - - [04/Jun/2016:06:25:42 +0100] "GET /section5 HTTP/1.0" 200 2187 "http://shoptoplist.com/top_shops" "Mozilla/5.0 (Macintosh; Intel Mac OS X 10_9_2) AppleWebKit/537.36 (KHTML, like Gecko) Chrome/36.0.1944.0 Safari/537.36"
81.73.150.239 - - [04/Jun/2016:06:36:41 +0100] "GET /section6 HTTP/1.0" 200 3790 "http://shoptoplist.com/top_shops" "Mozilla/5.0 (Macintosh; Intel Mac OS X 10_9_2) AppleWebKit/537.36 (KHTML, like Gecko) Chrome/36.0.1944.0 Safari/537.36"
237.43.24.118 - - [04/Jun/2016:07:06:08 +0100] "GET /section7 HTTP/1.0" 200 2775 "-" "Mozilla/5.0 (iPad; CPU OS 6_0 like Mac OS X) AppleWebKit/536.26 (KHTML, like Gecko) Version/6.0 Mobile/10A5355d Safari/8536.25"
244.157.45.12 - - [04/Jun/2016:07:34:19 +0100] "GET /section3 HTTP/1.0" 200 3224 "-" "Mozilla/5.0 (Windows NT 5.1; rv:31.0) Gecko/20100101 Firefox/31.0"
237.43.24.118 - - [04/Jun/2016:07:50:07 +0100] "GET /section7 HTTP/1.0" 200 2767 "http://productreviews.com" "Mozilla/5.0 (Windows NT 5.1; rv:31.0) Gecko/20100101 Firefox/31.0"
10.182.189.79 - - [04/Jun/2016:08:32:07 +0100] "GET /section6 HTTP/1.0" 200 2558 "http://shoptoplist.com/top_shops" "Mozilla/4.0 (compatible; MSIE 7.0; Windows NT 6.0)"
244.157.45.12 - - [04/Jun/2016:09:09:03 +0100] "GET /section8 HTTP/1.0" 200 2099 "http://searchengine.com" "Mozilla/4.0 (compatible; MSIE 7.0; Windows NT 6.0)"
233.192.62.103 - - [04/Jun/2016:09:36:54 +0100] "GET /section1 HTTP/1.0" 200 3458 "http://shoptoplist.com/top_shops" "Mozilla/4.0 (compatible; MSIE 7.0; Windows NT 6.0)"
237.43.24.118 - - [04/Jun/2016:10:02:50 +0100] "GET /section3 HTTP/1.0" 200 3827 "http://searchengine.com" "Mozilla/4.0 (compatible; MSIE 7.0; Windows NT 6.0)"
16.180.70.237 - - [04/Jun/2016:10:05:54 +0100] "GET /section5 HTTP/1.0" 200 4044 "http://shoptoplist.com/top_shops" "Mozilla/4.0 (compatible; MSIE 7.0; Windows NT 6.0)"
233.192.62.103 - - [04/Jun/2016:10:47:45 +0100] "GET /section5 HTTP/1.0" 200 3309 "http://shoptoplist.com/top_shops" "Mozilla/5.0 (iPad; CPU OS 6_0 like Mac OS X) AppleWebKit/536.26 (KHTML, like Gecko) Version/6.0 Mobile/10A5355d Safari/8536.25"
237.43.24.118 - - [04/Jun/2016:11:18:53 +0100] "GET /section7 HTTP/1.0" 200 2806 "-" "Mozilla/5.0 (Windows; U; Windows NT 6.1; rv:2.2) Gecko/20110201"
218.193.16.244 - - [04/Jun/2016:11:57:31 +0100] "GET /section5 HTTP/1.0" 200 3173 "-" "Mozilla/5.0 (Windows; U; MSIE 9.0; WIndows NT 9.0; en-US))"
218.193.16.244 - - [04/Jun/2016:12:36:01 +0100] "GET /section7 HTTP/1.0" 200 2316 "http://productreviews.com" "Mozilla/5.0 (Windows NT 5.1; rv:31.0) Gecko/20100101 Firefox/31.0"
16.180.70.237 - - [04/Jun/2016:13:16:43 +0100] "GET /section8 HTTP/1.0" 200 3551 "http://productreviews.com" "Mozilla/5.0 (iPad; CPU OS 6_0 like Mac OS X) AppleWebKit/536.26 (KHTML, like Gecko) Version/6.0 Mobile/10A5355d Safari/8536.25"
244.157.45.12 - - [04/Jun/2016:13:34:31 +0100] "GET /section5 HTTP/1.0" 200 3615 "http://productreviews.com" "Mozilla/4.0 (compatible; MSIE 7.0; Windows NT 6.0)"
10.182.189.79 - - [04/Jun/2016:14:15:47 +0100] "GET /section7 HTTP/1.0" 200 3955 "http://productreviews.com" "Mozilla/5.0 (iPad; CPU OS 6_0 like Mac OS X) AppleWebKit/536.26 (KHTML, like Gecko) Version/6.0 Mobile/10A5355d Safari/8536.25"
237.43.24.118 - - [04/Jun/2016:14:51:46 +0100] "GET /section7 HTTP/1.0" 200 3407 "-" "Mozilla/5.0 (Windows; U; Windows NT 6.1; rv:2.2) Gecko/20110201"
218.193.16.244 - - [04/Jun/2016:15:11:38 +0100] "GET /section8 HTTP/1.0" 200 4459 "http://www.shoppingsite.com" "Mozilla/5.0 (Windows NT 5.1; rv:31.0) Gecko/20100101 Firefox/31.0"
244.157.45.12 - - [04/Jun/2016:15:57:03 +0100] "GET /section7 HTTP/1.0" 200 4630 "http://productreviews.com" "Mozilla/5.0 (Macintosh; Intel Mac OS X 10_9_2) AppleWebKit/537.36 (KHTML, like Gecko) Chrome/36.0.1944.0 Safari/537.36"
123.221.14.56 - - [04/Jun/2016:16:29:46 +0100] "GET /section2 HTTP/1.0" 200 3190 "http://productreviews.com" "Mozilla/5.0 (iPad; CPU OS 6_0 like Mac OS X) AppleWebKit/536.26 (KHTML, like Gecko) Version/6.0 Mobile/10A5355d Safari/8536.25"
16.180.70.237 - - [04/Jun/2016:16:47:54 +0100] "GET /section3 HTTP/1.0" 200 3632 "http://shoptoplist.com/top_shops" "Mozilla/5.0 (Windows NT 5.1; rv:31.0) Gecko/20100101 Firefox/31.0"
10.182.189.79 - - [04/Jun/2016:17:22:49 +0100] "GET /section1 HTTP/1.0" 200 4175 "-" "Mozilla/5.0 (Windows; U; MSIE 9.0; WIndows NT 9.0; en-US))"
10.182.189.79 - - [04/Jun/2016:17:45:15 +0100] "GET /section5 HTTP/1.0" 200 2022 "http://searchengine.com" "Mozilla/5.0 (Windows; U; MSIE 9.0; WIndows NT 9.0; en-US))"
198.122.118.164 - - [04/Jun/2016:18:00:33 +0100] "GET /section5 HTTP/1.0" 200 4574 "http://shoptoplist.com/top_shops" "Mozilla/5.0 (iPad; CPU OS 6_0 like Mac OS X) AppleWebKit/536.26 (KHTML, like Gecko) Version/6.0 Mobile/10A5355d Safari/8536.25"
10.182.189.79 - - [04/Jun/2016:18:25:39 +0100] "GET /section4 HTTP/1.0" 200 3926 "http://productreviews.com" "Mozilla/5.0 (iPad; CPU OS 6_0 like Mac OS X) AppleWebKit/536.26 (KHTML, like Gecko) Version/6.0 Mobile/10A5355d Safari/8536.25"
123.221.14.56 - - [04/Jun/2016:18:33:59 +0100] "GET /section7 HTTP/1.0" 200 2572 "-" "Mozilla/5.0 (Windows; U; Windows NT 6.1; rv:2.2) Gecko/20110201"
16.180.70.237 - - [04/Jun/2016:18:57:26 +0100] "GET /section4 HTTP/1.0" 200 4366 "http://searchengine.com" "Mozilla/5.0 (Windows; U; Windows NT 6.1; rv:2.2) Gecko/20110201"
10.182.189.79 - - [04/Jun/2016:19:26:56 +0100] "GET /section4 HTTP/1.0" 200 3627 "http://productreviews.com" "Mozilla/5.0 (Macintosh; Intel Mac OS X 10_9_2) AppleWebKit/537.36 (KHTML, like Gecko) Chrome/36.0.1944.0 Safari/537.36"
233.192.62.103 - - [04/Jun/2016:19:41:29 +0100] "GET /section4 HTTP/1.0" 200 3467 "http://searchengine.com" "Mozilla/5.0 (Windows; U; MSIE 9.0; WIndows NT 9.0; en-US))"
123.221.14.56 - - [04/Jun/2016:20:13:18 +0100] "GET /section2 HTTP/1.0" 200 3286 "http://productreviews.com" "Mozilla/5.0 (Macintosh; Intel Mac OS X 10_9_2) AppleWebKit/537.36 (KHTML, like Gecko) Chrome/36.0.1944.0 Safari/537.36"
198.122.118.164 - - [04/Jun/2016:20:38:48 +0100] "GET /section4 HTTP/1.0" 200 3538 "http://searchengine.com" "Mozilla/5.0 (Windows; U; MSIE 9.0; WIndows NT 9.0; en-US))"
237.43.24.118 - - [04/Jun/2016:20:54:43 +0100] "GET /section8 HTTP/1.0" 200 2837 "http://shoptoplist.com/top_shops" "Mozilla/5.0 (Windows; U; MSIE 9.0; WIndows NT 9.0; en-US))"
16.180.70.237 - - [04/Jun/2016:21:27:43 +0100] "GET /section7 HTTP/1.0" 200 2242 "http://www.shoppingsite.com" "Mozilla/4.0 (compatible; MSIE 7.0; Windows NT 6.0)"
16.180.70.237 - - [04/Jun/2016:21:54:16 +0100] "GET /section2 HTTP/1.0" 200 2144 "http://productreviews.com" "Mozilla/5.0 (Windows; U; Windows NT 6.1; rv:2.2) Gecko/20110201"
237.43.24.118 - - [04/Jun/2016:22:06:48 +0100] "GET /section5 HTTP/1.0" 200 2541 "-" "Mozilla/5.0 (Linux; U; Android 2.3.5; en-us; HTC Vision Build/GRI40) AppleWebKit/533.1 (KHTML, like Gecko) Version/4.0 Mobile Safari/533.1"
244.157.45.12 - - [04/Jun/2016:22:32:35 +0100] "GET /section7 HTTP/1.0" 200 2255 "http://www.shoppingsite.com" "Mozilla/4.0 (compatible; MSIE 7.0; Windows NT 6.0)"
16.180.70.237 - - [04/Jun/2016:22:43:05 +0100] "GET /section6 HTTP/1.0" 200 3980 "http://www.shoppingsite.com" "Mozilla/4.0 (compatible; MSIE 7.0; Windows NT 6.0)"
233.192.62.103 - - [04/Jun/2016:23:03:37 +0100] "GET /section8 HTTP/1.0" 200 4920 "http://www.shoppingsite.com" "Mozilla/4.0 (compatible; MSIE 7.0; Windows NT 6.0)"
233.192.62.103 - - [04/Jun/2016:23:45:13 +0100] "GET /section4 HTTP/1.0" 200 4320 "http://productreviews.com" "Mozilla/5.0 (Windows; U; Windows NT 6.1; rv:2.2) Gecko/20110201"
114.214.178.92 - - [05/Jun/2016:00:17:10 +0100] "GET /section5 HTTP/1.0" 200 4506 "http://www.shoppingsite.com" "Mozilla/5.0 (Linux; U; Android 2.3.5; en-us; HTC Vision Build/GRI40) AppleWebKit/533.1 (KHTML, like Gecko) Version/4.0 Mobile Safari/533.1"
237.43.24.118 - - [05/Jun/2016:00:56:03 +0100] "GET /section8 HTTP/1.0" 200 4432 "http://www.shoppingsite.com" "Mozilla/5.0 (Linux; U; Android 2.3.5; en-us; HTC Vision Build/GRI40) AppleWebKit/533.1 (KHTML, like Gecko) Version/4.0 Mobile Safari/533.1"
218.193.16.244 - - [05/Jun/2016:01:35:33 +0100] "GET /section1 HTTP/1.0" 200 3356 "http://www.shoppingsite.com" "Mozilla/5.0 (iPad; CPU OS 6_0 like Mac OS X) AppleWebKit/536.26 (KHTML, like Gecko) Version/6.0 Mobile/10A5355d Safari/8536.25"
218.193.16.244 - - [05/Jun/2016:02:24:30 +0100] "GET /section2 HTTP/1.0" 200 3743 "http://www.shoppingsite.com" "Mozilla/5.0 (Macintosh; Intel Mac OS X 10_9_2) AppleWebKit/537.36 (KHTML, like Gecko) Chrome/36.0.1944.0 Safari/537.36"
233.192.62.103 - - [05/Jun/2016:02:49:30 +0100] "GET /section3 HTTP/1.0" 200 4769 "http://searchengine.com" "Mozilla/5.0 (iPad; CPU OS 6_0 like Mac OS X) AppleWebKit/536.26 (KHTML, like Gecko) Version/6.0 Mobile/10A5355d Safari/8536.25"
244.157.45.12 - - [05/Jun/2016:03:24:54 +0100] "GET /section7 HTTP/1.0" 200 3895 "http://productreviews.com" "Mozilla/5.0 (Macintosh; Intel Mac OS X 10_9_2) AppleWebKit/537.36 (KHTML, like Gecko) Chrome/36.0.1944.0 Safari/537.36"
233.192.62.103 - - [05/Jun/2016:03:56:04 +0100] "GET /section4 HTTP/1.0" 200 2051 "http://productreviews.com" "Mozilla/5.0 (Macintosh; Intel Mac OS X 10_9_2) AppleWebKit/537.36 (KHTML, like Gecko) Chrome/36.0.1944.0 Safari/537.36"
81.73.150.239 - - [05/Jun/2016:04:08:22 +0100] "GET /section3 HTTP/1.0" 200 2070 "http://searchengine.com" "Mozilla/5.0 (iPad; CPU OS 6_0 like Mac OS X) AppleWebKit/536.26 (KHTML, like Gecko) Version/6.0 Mobile/10A5355d Safari/8536.25"
198.122.118.164 - - [05/Jun/2016:04:31:42 +0100] "GET /section5 HTTP/1.0" 200 3893 "-" "Mozilla/5.0 (iPad; CPU OS 6_0 like Mac OS X) AppleWebKit/536.26 (KHTML, like Gecko) Version/6.0 Mobile/10A5355d Safari/8536.25"
114.214.178.92 - - [05/Jun/2016:04:38:27 +0100] "GET /section4 HTTP/1.0" 200 3075 "http://productreviews.com" "Mozilla/5.0 (iPad; CPU OS 6_0 like Mac OS X) AppleWebKit/536.26 (KHTML, like Gecko) Version/6.0 Mobile/10A5355d Safari/8536.25"
123.221.14.56 - - [05/Jun/2016:05:17:00 +0100] "GET /section7 HTTP/1.0" 200 3811 "http://shoptoplist.com/top_shops" "Mozilla/5.0 (Windows; U; Windows NT 6.1; rv:2.2) Gecko/20110201"
244.157.45.12 - - [05/Jun/2016:05:34:02 +0100] "GET /section2 HTTP/1.0" 200 3658 "http://shoptoplist.com/top_shops" "Mozilla/5.0 (iPad; CPU OS 6_0 like Mac OS X) AppleWebKit/536.26 (KHTML, like Gecko) Version/6.0 Mobile/10A5355d Safari/8536.25"
81.73.150.239 - - [05/Jun/2016:06:16:50 +0100] "GET /section1 HTTP/1.0" 200 2796 "http://www.shoppingsite.com" "Mozilla/4.0 (compatible; MSIE 7.0; Windows NT 6.0)"
16.180.70.237 - - [05/Jun/2016:06:39:00 +0100] "GET /section4 HTTP/1.0" 200 2324 "http://productreviews.com" "Mozilla/5.0 (Windows; U; MSIE 9.0; WIndows NT 9.0; en-US))"
123.221.14.56 - - [05/Jun/2016:07:24:59 +0100] "GET /section7 HTTP/1.0" 200 2642 "http://productreviews.com" "Mozilla/5.0 (iPad; CPU OS 6_0 like Mac OS X) AppleWebKit/536.26 (KHTML, like Gecko) Version/6.0 Mobile/10A5355d Safari/8536.25"
16.180.70.237 - - [05/Jun/2016:07:53:59 +0100] "GET /section8 HTTP/1.0" 200 2100 "-" "Mozilla/5.0 (Linux; U; Android 2.3.5; en-us; HTC Vision Build/GRI40) AppleWebKit/533.1 (KHTML, like Gecko) Version/4.0 Mobile Safari/533.1"
233.192.62.103 - - [05/Jun/2016:08:43:14 +0100] "GET /section2 HTTP/1.0" 200 4531 "http://productreviews.com" "Mozilla/5.0 (Linux; U; Android 2.3.5; en-us; HTC Vision Build/GRI40) AppleWebKit/533.1 (KHTML, like Gecko) Version/4.0 Mobile Safari/533.1"
244.157.45.12 - - [05/Jun/2016:09:21:04 +0100] "GET /section8 HTTP/1.0" 200 4460 "http://productreviews.com" "Mozilla/5.0 (Windows; U; Windows NT 6.1; rv:2.2) Gecko/20110201"
